---
source: crates/veil-guardian/tests/report_output.rs
assertion_line: 200
expression: normalized
---
Found 1 vulnerabilities in 1 packages scanned:
Cache: 0 fresh, 0 stale, 1 network, 0 offline, 0 error

- a-lib v1.0.0 (npm)
  Locations: [TEMP]/package-lock.json
  [GHSA-1] Critical issue in A
    Fix: No fixed version available (mitigation required)
    Status: Network
